// Jest Snapshot v1, https://goo.gl/fbAQLP

exports[`Send_snaphot_1 1`] = `
<div
  class="row"
  data-testid="send"
>
  <p
    class="col-sm-12 sc-bZQynM fIQvGs"
  >
    Send SMS
  </p>
  <span
    class="sc-dnqmqq bfqxFG"
  >
    *All fields must be filled
  </span>
</div>
`;
